[backblue.gif]
[fade.gif]
[index.html]
[www.bop.gov/about/organization.html]
[www.bop.gov/about/co/index.html]
[www.bop.gov/about/ro/index.html]
[www.bop.gov/about/co/director_bio.html]
[www.bop.gov/about/co/admin.html]
[www.bop.gov/about/co/director_bio_admin.html]
[www.bop.gov/about/co/programs/index.html]
[www.bop.gov/about/co/director_bio_programs.html]
[www.bop.gov/about/co/health_services.html]
[www.bop.gov/about/co/human_resource.html]
[www.bop.gov/about/co/director_bio_hrmd.html]
[www.bop.gov/about/co/ind_ed_train.html]
[www.bop.gov/about/co/director_bio_ievt.html]
[www.bop.gov/about/co/ippa.html]
[www.bop.gov/about/co/director_bio_ippa.html]
[www.bop.gov/about/co/nic.html]
[www.bop.gov/about/co/director_bio_nic.html]
[www.bop.gov/about/co/ogc.html]
[www.bop.gov/about/co/director_bio_ogc.html]
[www.bop.gov/about/co/program_review.html]
[www.bop.gov/about/co/director_bio_prd.html]
[www.bop.gov/about/ro/graphics/MXR.jpg]
[www.bop.gov/about/ro/mxr/index.html]
[www.bop.gov/about/ro/bios/mxr.html]
[www.bop.gov/about/ro/graphics/NCR.jpg]
[www.bop.gov/about/ro/ncr/index.html]
[www.bop.gov/about/ro/bios/ncr.html]
[www.bop.gov/about/ro/graphics/NER.jpg]
[www.bop.gov/about/ro/ner/index.html]
[www.bop.gov/about/ro/bios/ner.html]
[www.bop.gov/about/ro/graphics/SCR.jpg]
[www.bop.gov/about/ro/scr/index.html]
[www.bop.gov/about/ro/bios/scr.html]
[www.bop.gov/about/ro/graphics/SER.jpg]
[www.bop.gov/about/ro/ser/index.html]
[www.bop.gov/about/ro/bios/ser.html]
[www.bop.gov/about/ro/graphics/WXR.jpg]
[www.bop.gov/about/ro/wxr/index.html]
[www.bop.gov/about/ro/bios/wxr.html]
[www.bop.gov/about/co/director_bio_hsd.html]
