[backblue.gif]
[fade.gif]
[index.html]
[www.bop.gov/webimages/public/header/usdoj-over.gif]
[www.bop.gov/webimages/public/header/top_right_end-usdoj_over.gif]
[www.bop.gov/webimages/public/header/about-over.gif]
[www.bop.gov/webimages/public/header/about-locator_over.gif]
[www.bop.gov/webimages/public/header/locator-over.gif]
[www.bop.gov/webimages/public/header/facilities-over.gif]
[www.bop.gov/webimages/public/header/careers-over.gif]
[www.bop.gov/webimages/public/header/matters-over.gif]
[www.bop.gov/webimages/public/header/policy-over.gif]
[www.bop.gov/webimages/public/header/business-over.gif]
[www.bop.gov/webimages/public/header/news-over.gif]
[www.bop.gov/webimages/public/header/sitemap-over.gif]
[www.bop.gov/webimages/public/header/home-over.gif]
[www.bop.gov/webimages/public/header/top_left.jpg]
[www.bop.gov/webimages/public/header/top_middle.gif]
[www.bop.gov/webimages/public/header/usdoj.gif]
[www.bop.gov/webimages/public/header/header_05.gif]
[www.bop.gov/webimages/public/header/blue_cover.gif]
[www.bop.gov/webimages/public/header/home.gif]
[www.bop.gov/webimages/public/header/top_right_end.gif]
[www.bop.gov/webimages/public/header/about.gif]
[www.bop.gov/webimages/public/header/locator.gif]
[www.bop.gov/webimages/public/header/facilities.gif]
[www.bop.gov/webimages/public/header/careers.gif]
[www.bop.gov/webimages/public/header/matters.gif]
[www.bop.gov/webimages/public/header/policy.gif]
[www.bop.gov/webimages/public/header/business.gif]
[www.bop.gov/webimages/public/header/news.gif]
[www.bop.gov/webimages/public/header/yellow_bar_middle.gif]
[www.bop.gov/webimages/public/header/sitemap.gif]
[www.bop.gov/webimages/public/header/yellow_bar_end.gif]
[www.bop.gov/webimages/public/header/greybar_left.gif]
[www.bop.gov/webimages/public/header/greybar_right.gif]
[www.bop.gov/webimages/public/banners/bar_about.gif]
[www.bop.gov/webimages/bgimages/BOP_print_logo.gif]
[www.bop.gov/webimages/bgimages/printfriendly.gif]
[www.bop.gov/webimages/leftnav/top_pipes.gif]
[www.bop.gov/about/organization.html]
[www.bop.gov/common/styles/new_bop_style.css]
[www.bop.gov/webimages/bgimages/aboutus/director_panel.gif]
[www.bop.gov/webimages/bgimages/aboutus/co_divisions.gif]
[www.bop.gov/webimages/bgimages/aboutus/red_star.gif]
[www.bop.gov/webimages/bgimages/aboutus/ro_divisions.gif]
[www.bop.gov/webimages/bgimages/aboutus/icon_star.jpg]
[www.bop.gov/common/styles/org_chart_style.css]
[www.bop.gov/common/styles/bop_style_printfriendly.css]
[www.bop.gov/webimages/leftnav/subject_about.gif]
[www.bop.gov/webimages/leftnav/left_repeat.jpg]
[www.bop.gov/webimages/public/arrow.gif]
[www.bop.gov/webimages/leftnav/left_chip.gif]
[www.bop.gov/webimages/leftnav/left_curve.gif]
[www.bop.gov/webimages/bgimages/printer.gif]
[www.bop.gov/webimages/public/banners/title_about.gif]
[www.bop.gov/webimages/public/banners/greybar_page_title.gif]
[www.bop.gov/webimages/bgimages/aboutus/central_office.jpg]
[www.bop.gov/about/index.html]
[www.bop.gov/webimages/bgimages/red_star.gif]
[www.bop.gov/about/co/admin.html]
[www.bop.gov/about/co/director_bio_admin.html]
[www.bop.gov/about/co/programs/index.html]
[www.bop.gov/about/co/director_bio_programs.html]
[www.bop.gov/about/co/health_services.html]
[www.bop.gov/about/co/human_resource.html]
[www.bop.gov/about/co/director_bio_hrmd.html]
[www.bop.gov/about/co/ind_ed_train.html]
[www.bop.gov/about/co/director_bio_ievt.html]
[www.bop.gov/about/co/ippa.html]
[www.bop.gov/about/co/director_bio_ippa.html]
[www.bop.gov/about/co/nic.html]
[www.bop.gov/about/co/director_bio_nic.html]
[www.bop.gov/about/co/ogc.html]
[www.bop.gov/about/co/director_bio_ogc.html]
[www.bop.gov/about/co/program_review.html]
[www.bop.gov/about/co/director_bio_prd.html]
[www.bop.gov/webimages/maps/icon_star.jpg]
[www.bop.gov/about/ro/graphics/MXR.jpg]
[www.bop.gov/about/ro/mxr/index.html]
[www.bop.gov/about/ro/bios/mxr.html]
[www.bop.gov/about/ro/graphics/NCR.jpg]
[www.bop.gov/about/ro/ncr/index.html]
[www.bop.gov/about/ro/bios/ncr.html]
[www.bop.gov/about/ro/graphics/NER.jpg]
[www.bop.gov/about/ro/ner/index.html]
[www.bop.gov/about/ro/bios/ner.html]
[www.bop.gov/about/ro/graphics/SCR.jpg]
[www.bop.gov/about/ro/scr/index.html]
[www.bop.gov/about/ro/bios/scr.html]
[www.bop.gov/about/ro/graphics/SER.jpg]
[www.bop.gov/about/ro/ser/index.html]
[www.bop.gov/about/ro/bios/ser.html]
[www.bop.gov/about/ro/graphics/WXR.jpg]
[www.bop.gov/about/ro/wxr/index.html]
[www.bop.gov/about/ro/bios/wxr.html]
[www.bop.gov/webimages/cell_rounder_L.gif]
[www.bop.gov/webimages/cell_rounder_R.gif]
[www.bop.gov/about/contactus.html]
[www.bop.gov/about/mission.html]
[www.bop.gov/about/history.html]
[www.bop.gov/about/history/heroes.html]
[www.bop.gov/webimages/bgimages/bates.jpg]
[www.bop.gov/webimages/bgimages/bennett.jpg]
[www.bop.gov/webimages/bgimages/alexander.jpg]
[www.bop.gov/webimages/bgimages/carlson.jpg]
[www.bop.gov/webimages/bgimages/quinlan.jpg]
[www.bop.gov/webimages/bgimages/hawksawyer.jpg]
[www.bop.gov/about/history/directors.html]
[www.bop.gov/webimages/bgimages/alcatraz.jpg]
[www.bop.gov/webimages/bgimages/broadwayaz.jpg]
[www.bop.gov/about/history/alcatraz.html]
[www.bop.gov/about/history/execchart.html]
[www.bop.gov/about/co/index.html]
[www.bop.gov/webimages/bgimages/aboutus/grandprairie.jpg]
[www.bop.gov/about/other/gra.html]
[www.bop.gov/webimages/index_map.gif]
[www.bop.gov/about/ro/index.html]
[www.bop.gov/about/train/graphics/DET.jpg]
[www.bop.gov/about/train/graphics/GLN.jpg]
[www.bop.gov/about/train/index.html]
[www.bop.gov/about/facts.html]
[www.bop.gov/about/co/director_bio_hsd.html]
[www.bop.gov/about/co/director_bio.html]
