[backblue.gif]
[fade.gif]
[index.html]
[www.bop.gov/webimages/public/header/usdoj-over.gif]
[www.bop.gov/webimages/public/header/top_right_end-usdoj_over.gif]
[www.bop.gov/webimages/public/header/about-over.gif]
[www.bop.gov/webimages/public/header/about-locator_over.gif]
[www.bop.gov/webimages/public/header/locator-over.gif]
[www.bop.gov/webimages/public/header/facilities-over.gif]
[www.bop.gov/webimages/public/header/careers-over.gif]
[www.bop.gov/webimages/public/header/matters-over.gif]
[www.bop.gov/webimages/public/header/policy-over.gif]
[www.bop.gov/webimages/public/header/business-over.gif]
[www.bop.gov/webimages/public/header/news-over.gif]
[www.bop.gov/webimages/public/header/sitemap-over.gif]
[www.bop.gov/webimages/public/header/home-over.gif]
[www.bop.gov/webimages/public/header/top_left.jpg]
[www.bop.gov/webimages/public/header/top_middle.gif]
[www.bop.gov/webimages/public/header/usdoj.gif]
[www.bop.gov/webimages/public/header/header_05.gif]
[www.bop.gov/webimages/public/header/blue_cover.gif]
[www.bop.gov/webimages/public/header/home.gif]
[www.bop.gov/webimages/public/header/top_right_end.gif]
[www.bop.gov/webimages/public/header/about.gif]
[www.bop.gov/webimages/public/header/locator.gif]
[www.bop.gov/webimages/public/header/facilities.gif]
[www.bop.gov/webimages/public/header/careers.gif]
[www.bop.gov/webimages/public/header/matters.gif]
[www.bop.gov/webimages/public/header/policy.gif]
[www.bop.gov/webimages/public/header/business.gif]
[www.bop.gov/webimages/public/header/news.gif]
[www.bop.gov/webimages/public/header/yellow_bar_middle.gif]
[www.bop.gov/webimages/public/header/sitemap.gif]
[www.bop.gov/webimages/public/header/yellow_bar_end.gif]
[www.bop.gov/webimages/public/header/greybar_left.gif]
[www.bop.gov/webimages/public/header/greybar_right.gif]
[www.bop.gov/webimages/public/banners/bar_programs.gif]
[www.bop.gov/webimages/bgimages/BOP_print_logo.gif]
[www.bop.gov/webimages/bgimages/printfriendly.gif]
[www.bop.gov/webimages/leftnav/top_pipes.gif]
[www.bop.gov/webimages/leftnav/subject_inmate_matters.gif]
[www.bop.gov/webimages/leftnav/left_repeat.jpg]
[www.bop.gov/webimages/public/arrow.gif]
[www.bop.gov/webimages/leftnav/left_chip.gif]
[www.bop.gov/webimages/leftnav/left_curve.gif]
[www.bop.gov/webimages/public/banners/greybar_page_title.gif]
[www.bop.gov/inmate_programs/docs/certification_of_identity.pdf]
[www.bop.gov/inmate_programs/designations.html]
[www.bop.gov/common/styles/new_bop_style.css]
[www.bop.gov/common/styles/bop_style_printfriendly.css]
[www.bop.gov/webimages/bgimages/printer.gif]
[www.bop.gov/webimages/public/banners/title_matters.gif]
[www.bop.gov/webimages/WRKCAL.jpg]
[www.bop.gov/inmate_programs/index.html]
[www.bop.gov/webimages/bgimages/programs/education.jpg]
[www.bop.gov/inmate_programs/occ_train.pdf]
[www.bop.gov/inmate_programs/edu.html]
[www.bop.gov/webimages/bgimages/programs/ALD_firecrew.jpg]
[www.bop.gov/inmate_programs/itb_employing_ex_offenders.html]
[www.bop.gov/webimages/bgimages/programs/group.jpg]
[www.bop.gov/inmate_programs/female.html]
[www.bop.gov/webimages/bgimages/programs/dollars_image.jpg]
[www.bop.gov/inmate_programs/qc_form_amended.pdf]
[www.bop.gov/inmate_programs/money.html]
[www.bop.gov/webimages/bgimages/programs/inmate_placement.jpg]
[www.bop.gov/inmate_programs/placement.html]
[www.bop.gov/webimages/bgimages/programs/juveniles.jpg]
[www.bop.gov/inmate_programs/juveniles.html]
[www.bop.gov/webimages/bgimages/programs/health.jpg]
[www.bop.gov/inmate_programs/health.html]
[www.bop.gov/webimages/bgimages/programs/council2.jpg]
[www.bop.gov/inmate_programs/mental.html]
[www.bop.gov/webimages/bgimages/programs/fingerprinting.jpg]
[www.bop.gov/inmate_programs/property.html]
[www.bop.gov/webimages/bgimages/programs/empl_prep.jpg]
[www.bop.gov/inmate_programs/release_emp.html]
[www.bop.gov/webimages/bgimages/programs/priest.jpg]
[www.bop.gov/inmate_programs/religious.html]
[www.bop.gov/inmate_programs/sentence_computations.html]
[www.bop.gov/webimages/bgimages/programs/lounge.jpg]
[www.bop.gov/inmate_programs/RDAP_locations.pdf]
[www.bop.gov/inmate_programs/substance.html]
[www.bop.gov/webimages/bgimages/programs/release.jpg]
[www.bop.gov/inmate_programs/temp_release.html]
[www.bop.gov/webimages/bgimages/programs/welding.jpg]
[www.bop.gov/inmate_programs/unicor.html]
[www.bop.gov/webimages/cell_rounder_L.gif]
[www.bop.gov/webimages/cell_rounder_R.gif]
[www.bop.gov/inmate_programs/victim_witness_notice.html]
[www.bop.gov/webimages/bgimages/programs/entrance.jpg]
[www.bop.gov/inmate_programs/visiting.html]
[www.bop.gov/webimages/bgimages/programs/work_programs.jpg]
[www.bop.gov/inmate_programs/work_prgms.html]
[www.bop.gov/inmate_programs/itb_emp_diag.pdf]
[www.bop.gov/inmate_programs/itb_bonding_letter.pdf]
[www.bop.gov/inmate_programs/itb_bonding.html]
[www.bop.gov/inmate_programs/emp_info_handbk.pdf]
[www.bop.gov/inmate_programs/itb_references.html]
[www.bop.gov/webimages/leftnav/foia.gif]
[www.bop.gov/webimages/leftnav/Wspace.gif]
[www.bop.gov/webimages/leftnav/newwin_blu_top.jpg]
[www.bop.gov/webimages/leftnav/newwin_blu_bot.jpg]
[www.bop.gov/webimages/hline.gif]
[www.bop.gov/inmate_programs/substanceabuse_faqs.html]
[www.bop.gov/inmate_programs/vic_comp_form.pdf]
[www.bop.gov/inmate_programs/vic_comp_spform.pdf]
[www.bop.gov/inmate_programs/vic_rights_comp_procedures.html]
