[backblue.gif]
[fade.gif]
[index.html]
[www.bop.gov/webimages/public/header/usdoj-over.gif]
[www.bop.gov/webimages/public/header/top_right_end-usdoj_over.gif]
[www.bop.gov/webimages/public/header/about-over.gif]
[www.bop.gov/webimages/public/header/about-locator_over.gif]
[www.bop.gov/webimages/public/header/locator-over.gif]
[www.bop.gov/webimages/public/header/facilities-over.gif]
[www.bop.gov/webimages/public/header/careers-over.gif]
[www.bop.gov/webimages/public/header/matters-over.gif]
[www.bop.gov/webimages/public/header/policy-over.gif]
[www.bop.gov/webimages/public/header/business-over.gif]
[www.bop.gov/webimages/public/header/news-over.gif]
[www.bop.gov/webimages/public/header/sitemap-over.gif]
[www.bop.gov/webimages/public/header/home-over.gif]
[www.bop.gov/webimages/public/header/top_left.jpg]
[www.bop.gov/webimages/public/header/top_middle.gif]
[www.bop.gov/webimages/public/header/usdoj.gif]
[www.bop.gov/webimages/public/header/header_05.gif]
[www.bop.gov/webimages/public/header/blue_cover.gif]
[www.bop.gov/webimages/public/header/home.gif]
[www.bop.gov/webimages/public/header/top_right_end.gif]
[www.bop.gov/webimages/public/header/about.gif]
[www.bop.gov/webimages/public/header/locator.gif]
[www.bop.gov/webimages/public/header/facilities.gif]
[www.bop.gov/webimages/public/header/careers.gif]
[www.bop.gov/webimages/public/header/matters.gif]
[www.bop.gov/webimages/public/header/policy.gif]
[www.bop.gov/webimages/public/header/business.gif]
[www.bop.gov/webimages/public/header/news.gif]
[www.bop.gov/webimages/public/header/yellow_bar_middle.gif]
[www.bop.gov/webimages/public/header/sitemap.gif]
[www.bop.gov/webimages/public/header/yellow_bar_end.gif]
[www.bop.gov/webimages/public/header/greybar_left.gif]
[www.bop.gov/webimages/public/header/greybar_right.gif]
[www.bop.gov/webimages/public/banners/bar_careers.gif]
[www.bop.gov/webimages/bgimages/BOP_print_logo.gif]
[www.bop.gov/webimages/bgimages/printfriendly.gif]
[www.bop.gov/webimages/leftnav/top_pipes.gif]
[www.bop.gov/webimages/leftnav/subject_careers.gif]
[www.bop.gov/webimages/leftnav/left_repeat.jpg]
[www.bop.gov/webimages/public/arrow.gif]
[www.bop.gov/webimages/leftnav/left_chip.gif]
[www.bop.gov/webimages/leftnav/left_curve.gif]
[www.bop.gov/webimages/bgimages/printer.gif]
[www.bop.gov/webimages/leftnav/Wspace.gif]
[www.bop.gov/webimages/leftnav/newwin_tan_top.jpg]
[www.bop.gov/jobs/hsd/HSD_vac.pdf]
[www.bop.gov/jobs/cpd/PSY_vac.pdf]
[www.bop.gov/webimages/leftnav/newwin_tan_bot.jpg]
[www.bop.gov/webimages/public/banners/greybar_page_title.gif]
[www.bop.gov/webimages/cell_rounder_L.gif]
[www.bop.gov/webimages/cell_rounder_R.gif]
[www.bop.gov/jobs/descriptions.html]
[www.bop.gov/common/styles/new_bop_style.css]
[www.bop.gov/common/styles/bop_style_printfriendly.css]
[www.bop.gov/webimages/public/banners/title_careers.gif]
[www.bop.gov/webimages/bgimages/jobs/next_testimonial.gif]
[www.bop.gov/webimages/bgimages/jobs/lamont.jpg]
[www.bop.gov/jobs/index.html]
[www.bop.gov/webimages/vline.gif]
[www.bop.gov/webimages/bgimages/jobs/usajobs2.gif]
[www.bop.gov/jobs/3steps/index.html]
[www.bop.gov/jobs/legal.gif]
[www.bop.gov/jobs/ogc.html]
[www.bop.gov/jobs/faqs/index.html]
[www.bop.gov/jobs/eligibility/index.html]
[www.bop.gov/jobs/information/index.html]
[www.bop.gov/webimages/bgimages/jobs/DrBagg.jpg]
[www.bop.gov/webimages/cell_curl.jpg]
[www.bop.gov/webimages/cell_T_border.jpg]
[www.bop.gov/webimages/cell_RT_border.jpg]
[www.bop.gov/webimages/cell_L_border.jpg]
[www.bop.gov/webimages/cell_dots.jpg]
[www.bop.gov/webimages/cell_R_border.jpg]
[www.bop.gov/webimages/cell_LB_border.jpg]
[www.bop.gov/webimages/cell_B_border.jpg]
[www.bop.gov/webimages/cell_RB_border.jpg]
[www.bop.gov/jobs/hsd/index.html]
[www.bop.gov/jobs/salary_benefits/C3000_002b.pdf]
[www.bop.gov/jobs/salary_benefits/index.html]
[www.bop.gov/webimages/bgimages/jobs/thumbs_yvonne.jpg]
[www.bop.gov/webimages/bgimages/jobs/thumbs_craig.jpg]
[www.bop.gov/webimages/bgimages/jobs/thumbs_spencer.jpg]
[www.bop.gov/webimages/bgimages/jobs/thumbs_richard.jpg]
[www.bop.gov/jobs/students/index.html]
[www.bop.gov/jobs/veterans/index.html]
[www.bop.gov/jobs/volunteer_handbook.pdf]
[www.bop.gov/webimages/bgimages/jobs/tn_volunteer_photo_06.jpg]
[www.bop.gov/webimages/bgimages/jobs/dolls.jpg]
[www.bop.gov/webimages/bgimages/jobs/volunteer3.jpg]
[www.bop.gov/jobs/volunteer.html]
[www.bop.gov/jobs/job_descriptions/clinical_psychologist.html]
[www.bop.gov/jobs/job_descriptions/dental_hygienist.html]
[www.bop.gov/jobs/job_descriptions/dental_officer.html]
[www.bop.gov/jobs/job_descriptions/health_system_administrator.html]
[www.bop.gov/jobs/job_descriptions/medical_officer.html]
[www.bop.gov/jobs/job_descriptions/medical_records_technician.html]
[www.bop.gov/jobs/job_descriptions/registered_nurse.html]
[www.bop.gov/jobs/job_descriptions/nurse_practitioner.html]
[www.bop.gov/jobs/job_descriptions/pharmacist.html]
[www.bop.gov/jobs/job_descriptions/physical_therapist.html]
[www.bop.gov/jobs/job_descriptions/physician_assistant.html]
[www.bop.gov/jobs/job_descriptions/accountant.html]
[www.bop.gov/jobs/job_descriptions/accounting_technician.html]
[www.bop.gov/jobs/job_descriptions/chaplain.html]
[www.bop.gov/jobs/job_descriptions/contract_specialist.html]
[www.bop.gov/jobs/job_descriptions/correctional_officer.html]
[www.bop.gov/jobs/job_descriptions/case_manager.html]
[www.bop.gov/jobs/job_descriptions/drug_treatment_specialist.html]
[www.bop.gov/jobs/job_descriptions/employee_services_assistant.html]
[www.bop.gov/jobs/job_descriptions/employee_services_specialist.html]
[www.bop.gov/jobs/job_descriptions/information_technology_specialist.html]
[www.bop.gov/jobs/job_descriptions/legal_instruments_examiner.html]
[www.bop.gov/jobs/job_descriptions/recreation_specialist .html]
[www.bop.gov/jobs/job_descriptions/safety_specialist.html]
[www.bop.gov/jobs/job_descriptions/secretary.html]
[www.bop.gov/jobs/job_descriptions/teacher.html]
[www.bop.gov/jobs/job_descriptions/training_instructor.html]
[www.bop.gov/jobs/job_descriptions/hvac.html]
[www.bop.gov/jobs/job_descriptions/automotive_mechanic.html]
[www.bop.gov/jobs/job_descriptions/carpentry.html]
[www.bop.gov/jobs/job_descriptions/electrician.html]
[www.bop.gov/jobs/job_descriptions/fabric_worker.html]
[www.bop.gov/jobs/job_descriptions/food_service.html]
[www.bop.gov/jobs/job_descriptions/maintenance_mechanic.html]
[www.bop.gov/jobs/job_descriptions/painting.html]
[www.bop.gov/jobs/job_descriptions/plumbing.html]
[www.bop.gov/jobs/job_descriptions/sheet_metal_mechanic.html]
[www.bop.gov/jobs/job_descriptions/upholstering.html]
[www.bop.gov/jobs/job_descriptions/utility_systems.html]
[www.bop.gov/webimages/bgimages/jobs/romero.jpg]
[www.bop.gov/jobs/index_testimonial2.html]
[www.bop.gov/jobs/students/cpdipbut2.pdf]
[www.bop.gov/jobs/students/cpdipcar2.pdf]
[www.bop.gov/jobs/students/cpdipcol.pdf]
[www.bop.gov/jobs/students/cpdipdev2.pdf]
[www.bop.gov/jobs/students/cpdipftw2.pdf]
[www.bop.gov/jobs/students/pdfs/cpdiplex.pdf]
[www.bop.gov/jobs/students/cpdiplos2.pdf]
[www.bop.gov/jobs/students/cpdiprch.pdf]
[www.bop.gov/jobs/students/cpdipspr2.pdf]
[www.bop.gov/jobs/students/cpdiptal2.pdf]
[www.bop.gov/jobs/students/psychology.html]
[www.bop.gov/jobs/hsd/psychology_services.html]
[www.bop.gov/webimages/bgimages/jobs/carla.jpg]
[www.bop.gov/jobs/index_testimonial3.html]
[www.bop.gov/webimages/bgimages/jobs/Matott_b.jpg]
[www.bop.gov/jobs/index_testimonial5.html]
[www.bop.gov/webimages/bgimages/jobs/kuma.jpg]
[www.bop.gov/jobs/index_testimonial6.html]
