[backblue.gif]
[fade.gif]
[index.html]
[www.bop.gov/webimages/public/header/usdoj-over.gif]
[www.bop.gov/webimages/public/header/top_right_end-usdoj_over.gif]
[www.bop.gov/webimages/public/header/about-over.gif]
[www.bop.gov/webimages/public/header/about-locator_over.gif]
[www.bop.gov/webimages/public/header/locator-over.gif]
[www.bop.gov/webimages/public/header/facilities-over.gif]
[www.bop.gov/webimages/public/header/careers-over.gif]
[www.bop.gov/webimages/public/header/matters-over.gif]
[www.bop.gov/webimages/public/header/policy-over.gif]
[www.bop.gov/webimages/public/header/business-over.gif]
[www.bop.gov/webimages/public/header/news-over.gif]
[www.bop.gov/webimages/public/header/sitemap-over.gif]
[www.bop.gov/webimages/public/header/home-over.gif]
[www.bop.gov/webimages/public/header/top_left.jpg]
[www.bop.gov/webimages/public/header/top_middle.gif]
[www.bop.gov/webimages/public/header/usdoj.gif]
[www.bop.gov/webimages/public/header/header_05.gif]
[www.bop.gov/webimages/public/header/blue_cover.gif]
[www.bop.gov/webimages/public/header/home.gif]
[www.bop.gov/webimages/public/header/top_right_end.gif]
[www.bop.gov/webimages/public/header/about.gif]
[www.bop.gov/webimages/public/header/locator.gif]
[www.bop.gov/webimages/public/header/facilities.gif]
[www.bop.gov/webimages/public/header/careers.gif]
[www.bop.gov/webimages/public/header/matters.gif]
[www.bop.gov/webimages/public/header/policy.gif]
[www.bop.gov/webimages/public/header/business.gif]
[www.bop.gov/webimages/public/header/news.gif]
[www.bop.gov/webimages/public/header/yellow_bar_middle.gif]
[www.bop.gov/webimages/public/header/sitemap.gif]
[www.bop.gov/webimages/public/header/yellow_bar_end.gif]
[www.bop.gov/webimages/public/header/greybar_left.gif]
[www.bop.gov/webimages/public/header/greybar_right.gif]
[www.bop.gov/webimages/public/banners/bar_locator.gif]
[www.bop.gov/webimages/bgimages/BOP_print_logo.gif]
[www.bop.gov/webimages/bgimages/printfriendly.gif]
[www.bop.gov/webimages/leftnav/top_pipes.gif]
[www.bop.gov/webimages/leftnav/subject_inmate_locator.gif]
[www.bop.gov/webimages/leftnav/left_repeat.jpg]
[www.bop.gov/webimages/public/arrow.gif]
[www.bop.gov/webimages/leftnav/left_chip.gif]
[www.bop.gov/webimages/leftnav/left_curve.gif]
[www.bop.gov/webimages/bgimages/printer.gif]
[www.bop.gov/webimages/leftnav/Wspace.gif]
[www.bop.gov/webimages/leftnav/newwin_tan_top.jpg]
[www.bop.gov/webimages/leftnav/newwin_tan_bot.jpg]
[www.bop.gov/webimages/public/banners/greybar_page_title.gif]
[www.bop.gov/inmate_locator/visiting.html]
[www.bop.gov/common/styles/new_bop_style.css]
[www.bop.gov/common/styles/bop_style_printfriendly.css]
[www.bop.gov/webimages/public/banners/title_locator.gif]
[www.bop.gov/webimages/bgimages/inmate_locator/faded_map.jpg]
[www.bop.gov/inmate_locator/index.html]
[www.bop.gov/inmate_locator/who.html]
[www.bop.gov/inmate_locator/background.html]
[www.bop.gov/inmate_locator/business.html]
[www.bop.gov/inmate_locator/special.html]
[www.bop.gov/inmate_locator/procedures.html]
[www.bop.gov/inmate_locator/conjugal.html]
[www.bop.gov/inmate_locator/inmates_b4_1982.html]
[www.bop.gov/inmate_locator/inmate_differences.html]
